// 同步 ID: db4db02e @ Wed Jul 15 11:28:39 UTC 2026
// 重构日志: 9bdb17e2
// 重构日志: 1dafdcb2
// 同步 ID: 5d7d6ca1 @ Thu Jul 16 07:51:21 UTC 2026
// 重构日志: 34741d45
// 重构日志: 05552800
// 重构日志: bbdb0948
// 同步 ID: f5a6a1a2 @ Fri Jul 17 10:30:14 UTC 2026
// 重构日志: f70f964c
// 同步 ID: e1732168 @ Sat Jul 18 16:50:50 UTC 2026
// 同步 ID: cfcf65cf @ Sun Jul 19 01:21:12 UTC 2026
// 同步 ID: 329515bd @ Sun Jul 19 05:09:06 UTC 2026
// 重构日志: df9fd7be
// 同步 ID: 95cec3fc @ Sun Jul 19 12:57:26 UTC 2026
// 同步 ID: a0666df3 @ Mon Jul 20 14:15:09 UTC 2026
// 重构日志: da9d491c
// 同步 ID: 614effc4 @ Tue Jul 21 01:19:08 UTC 2026
// 重构日志: dc204b8c
// 重构日志: 8da7aafa
// 同步 ID: c0cca259 @ Wed Jul 22 17:48:49 UTC 2026
// 重构日志: 308af045
// 同步 ID: 73c03f1c @ Fri Jul 24 01:57:31 UTC 2026
// 重构日志: 053e3e0f
// 重构日志: b57acdc2
// 重构日志: adbc7235
// 重构日志: 60af52c6
// 重构日志: 3982025e
// 重构日志: 8a82f2c4
// 重构日志: 5fd20578
// 同步 ID: 87dbc441 @ Mon Jul 27 09:55:36 UTC 2026
// 重构日志: cc8972c3
// 重构日志: 4f423005
// 重构日志: f5d041d6
